// Jest Snapshot v1, https://goo.gl/fbAQLP

exports[`Should render the AddExpense Page  1`] = `
<div>
  <div
    className="page-header"
  >
    <div
      className="content-container"
    >
      <h1
        className="page-header__title"
      >
        Add Expense
      </h1>
    </div>
  </div>
  <div
    className="content-container"
  >
    <ExpenseForm
      onSubmit={[Function]}
    />
    <button
      className="button"
      onClick={[Function]}
    >
      Back
    </button>
  </div>
</div>
`;
