// Jest Snapshot v1, https://goo.gl/fbAQLP

exports[`should render EditExpensePage 1`] = `
<div>
  <div
    className="page-header"
  >
    <div
      className="content-container"
    >
      <h1
        className="page-header__title"
      >
        Edit Expense
      </h1>
    </div>
  </div>
  <div
    className="content-container"
  >
    <ExpenseForm
      expense={
        Object {
          "amount": 4500,
          "createdAt": 345600000,
          "description": "Credit card",
          "id": "3",
          "notes": "",
        }
      }
      onSubmit={[Function]}
    />
    <div
      className="edit-button__remove__back"
    >
      <button
        className="button "
        onClick={[Function]}
      >
        Remove
      </button>
      <button
        className="button"
        onClick={[Function]}
      >
        Back
      </button>
    </div>
  </div>
</div>
`;
