// Jest Snapshot v1, https://goo.gl/fbAQLP

exports[`Should render an expense item 1`] = `
<div>
  <Link
    to="./edit/1"
  >
    <h2>
      Gum
    </h2>
  </Link>
  <p>
    Amount: 
    â‚¹1.95
     - CreatedAt: 
    January 1st 1970
  </p>
</div>
`;
