// Jest Snapshot v1, https://goo.gl/fbAQLP

exports[`should render header 1`] = `
<div>
  <h2>
    Expensify
  </h2>
  <NavLink
    activeClassName="is-active"
    exact={true}
    to="/"
  >
    Dashboard
  </NavLink>
   
  <NavLink
    activeClassName="is-active"
    to="/create"
  >
    Create
  </NavLink>
   
</div>
`;
