// Jest Snapshot v1, https://goo.gl/fbAQLP

exports[`Should render NotFound Page (404!) 1`] = `
<div>
  <p>
    404!!!
  </p>
  <Link
    to="/"
  >
    Go Home
  </Link>
</div>
`;
